app/page.tsx(51,18): error TS2322: Type 'string[]' is not assignable to type 'readonly `0x${string}`[]'.
  Type 'string' is not assignable to type '`0x${string}`'.
